  console.log
    [dotenv@17.3.1] injecting env (0) from .env -- tip: ΓÜÖ∩╕Å  load multiple .env files with { path: ['.env.local', '.env'] }

      at _log (node_modules/dotenv/lib/main.js:139:11)

  console.log
    [dotenv@17.3.1] injecting env (0) from .env -- tip: ΓÜÖ∩╕Å  suppress all logs with { quiet: true }

      at _log (node_modules/dotenv/lib/main.js:139:11)

node.exe : PASS src/indexerWebhook.test.ts (6.678 s)
At line:1 char:1
+ & "C:\Program Files\nodejs/node.exe" "C:\Users\NEW 
USER\AppData\Roami ...
+ 
~~~~~~~~~~~~~~~~~~~~~~~~~~~~~~~~~~~~~~~~~~~~~~~~~~~~~~~~~~~~~~~~~~~~~
    + CategoryInfo          : NotSpecified: (PASS src/indexe...st.ts  
   (6.678 s):String) [], RemoteException
    + FullyQualifiedErrorId : NativeCommandError
 
  POST /webhooks/indexer
    ΓêÜ accepts a valid signed event (31 ms)
    ΓêÜ rejects an invalid signature (7 ms)
    ΓêÜ ignores a duplicate event id (10 ms)
    ΓêÜ returns 500 when the webhook secret is missing (6 ms)
    ΓêÜ rejects malformed JSON even with a valid signature (5 ms)
    ΓêÜ rejects payloads with missing required fields (6 ms)
    ΓêÜ requires a raw JSON body for verification (4 ms)

  console.log
    [dotenv@17.3.1] injecting env (0) from .env -- tip: ≡ƒñû agentic secret storage: https://dotenvx.com/as2

      at _log (node_modules/dotenv/lib/main.js:139:11)

  console.log
    [dotenv@17.3.1] injecting env (0) from .env -- tip: ≡ƒöÉ prevent building .env in docker: https://dotenvx.com/prebuild

      at _log (node_modules/dotenv/lib/main.js:139:11)

PASS src/api/v1/streams.test.ts
  Stream API Routes
    GET /api/v1/streams/:id
      ΓêÜ should return 200 and the stream when found (9 ms)
      ΓêÜ should return 404 when stream is not found (4 ms)
      ΓêÜ should return 400 when ID is invalid (4 ms)
    GET /api/v1/streams
      ΓêÜ should return 200 and the list of streams (8 ms)

  console.log
    [dotenv@17.3.1] injecting env (0) from .env -- tip: ≡ƒ¢í∩╕Å auth for agents: https://vestauth.com

      at _log (node_modules/dotenv/lib/main.js:139:11)

  console.log
    [dotenv@17.3.1] injecting env (0) from .env -- tip: ≡ƒñû agentic secret storage: https://dotenvx.com/as2

      at _log (node_modules/dotenv/lib/main.js:139:11)

PASS src/apiKeyAuth.test.ts
  API key authentication
    ΓêÜ accepts a valid key from x-api-key header (14 ms)
    ΓêÜ rejects a missing key with 401 (6 ms)
    ΓêÜ rejects a revoked key (4 ms)
    ΓêÜ uses timingSafeEqual in validation (5 ms)
    ΓêÜ in-memory store can add and resolve hashed keys (1 ms)

  console.log
    [dotenv@17.3.1] injecting env (0) from .env -- tip: ΓÜÖ∩╕Å  enable debug logging with { debug: true }

      at _log (node_modules/dotenv/lib/main.js:139:11)

  console.log
    [dotenv@17.3.1] injecting env (0) from .env -- tip: ≡ƒ¢á∩╕Å  run anywhere with `dotenvx run -- yourcommand`

      at _log (node_modules/dotenv/lib/main.js:139:11)

PASS src/health.test.ts
  StreamPay Backend
    GET /health
      ΓêÜ returns 200 and status ok (40 ms)
    GET /api/v1/streams
      ΓêÜ returns streams list (12 ms)

PASS src/metrics/prometheus.test.ts
  Prometheus Metrics
    ΓêÜ exposes /metrics endpoint returning 200 and text format (33 
ms)
    ΓêÜ protects /metrics endpoint in production (46 ms)
    ΓêÜ protects /metrics endpoint in production even if token env 
var is missing (17 ms)
    ΓêÜ records HTTP latency, error rate, and normalizes unknown 
routes (71 ms)
    ΓêÜ records custom sync lag gauge (16 ms)

  console.log
    [dotenv@17.3.1] injecting env (0) from .env -- tip: ΓÜí∩╕Å secrets for agents: https://dotenvx.com/as2

      at _log (node_modules/dotenv/lib/main.js:139:11)

PASS src/config/env.test.ts
  Environment Configuration Schema
    ΓêÜ should validate a correct configuration (5 ms)
    ΓêÜ should fail if DATABASE_URL is missing (2 ms)
    ΓêÜ should fail if JWT_SECRET is too short (1 ms)
    ΓêÜ should fail if RPC_URL is not a valid URL (1 ms)
    ΓêÜ should default PORT to 3001 if missing (2 ms)
    ΓêÜ should default NODE_ENV to development if missing (1 ms)
    validateEnv function
      ΓêÜ should throw in test environment if validation fails (39 ms)
      ΓêÜ should return validated data if validation succeeds (1 ms)

PASS src/repositories/streamRepository.test.ts
  StreamRepository
    findById
      ΓêÜ should return a stream with accruedEstimate when found and 
active (8 ms)
      ΓêÜ should return null when stream is not found (2 ms)
    findAll
      ΓêÜ should return a list of streams and total count (3 ms)

Test Suites: 7 passed, 7 total
Tests:       34 passed, 34 total
Snapshots:   0 total
Time:        13.644 s
Ran all test suites.
